// Jest Snapshot v1, https://goo.gl/fbAQLP

exports[`Contact section Test ContactUs component snapshot 1`] = `
<section
  className="container"
>
  <h2
    className="text-center section-title mb-2"
  >
    Contact Us
  </h2>
  <ContactForm />
</section>
`;
